// Bun Snapshot v1, https://bun.sh/docs/test/snapshots

exports[`install stamps the same dests, with .ts scripts and a compat ring on the port: stamped files 1`] = `
[
  ".env.sample",
  ".gitignore",
  "adws/adw_build.ts",
  "adws/adw_build_review.ts",
  "adws/adw_build_test.ts",
  "adws/adw_data/harness_engineering/subagents.ts",
  "adws/adw_data/harness_engineering/themeMap.ts",
  "adws/adw_data/prompt_engineering/builder/system.md",
  "adws/adw_data/prompt_engineering/builder/user.md",
  "adws/adw_data/prompt_engineering/documenter/system.md",
  "adws/adw_data/prompt_engineering/documenter/user.md",
  "adws/adw_data/prompt_engineering/planner/system.md",
  "adws/adw_data/prompt_engineering/planner/user.md",
  "adws/adw_data/prompt_engineering/reviewer/system.md",
  "adws/adw_data/prompt_engineering/reviewer/user.md",
  "adws/adw_data/prompt_engineering/scout/system.md",
  "adws/adw_data/prompt_engineering/scout/user.md",
  "adws/adw_document.ts",
  "adws/adw_modules/README.md",
  "adws/adw_modules/agents.ts",
  "adws/adw_modules/changes.ts",
  "adws/adw_modules/cli.ts",
  "adws/adw_modules/console.ts",
  "adws/adw_modules/dataTypes.ts",
  "adws/adw_modules/execute.ts",
  "adws/adw_modules/gates.ts",
  "adws/adw_modules/gitHelper.ts",
  "adws/adw_modules/permissions.ts",
  "adws/adw_modules/quality.ts",
  "adws/adw_modules/runner.ts",
  "adws/adw_modules/runtimes/claude.ts",
  "adws/adw_modules/runtimes/copilot.ts",
  "adws/adw_modules/runtimes/exec.ts",
  "adws/adw_modules/runtimes/index.ts",
  "adws/adw_modules/runtimes/pi.ts",
  "adws/adw_modules/runtimes/toolCalls.ts",
  "adws/adw_modules/runtimes/types.ts",
  "adws/adw_modules/schema.ts",
  "adws/adw_modules/session.ts",
  "adws/adw_modules/shell.ts",
  "adws/adw_modules/tracer.ts",
  "adws/adw_modules/utils.ts",
  "adws/adw_plan.ts",
  "adws/adw_plan_build.ts",
  "adws/adw_plan_build_test.ts",
  "adws/adw_plan_build_test_quality.ts",
  "adws/adw_prompt.ts",
  "adws/adw_quality.ts",
  "adws/adw_scout.ts",
  "adws/adw_simple_sdlc.ts",
  "adws/adw_sssf_config/sssf.config.yaml",
  "justfile",
]
`;
